// Jest Snapshot v1, https://goo.gl/fbAQLP

exports[`should match the snapshot 1`] = `
Card {
  "_reactInternalFiber": FiberNode {
    "_debugID": 11,
    "_debugIsCurrentlyTiming": false,
    "_debugOwner": null,
    "_debugSource": Object {
      "fileName": "<PROJECT_ROOT>/src/Components/Card.test.js",
      "lineNumber": 12,
    },
    "alternate": null,
    "child": FiberNode {
      "_debugID": 12,
      "_debugIsCurrentlyTiming": false,
      "_debugOwner": [Circular],
      "_debugSource": Object {
        "fileName": "<PROJECT_ROOT>/src/Components/Card.js",
        "lineNumber": 14,
      },
      "alternate": null,
      "child": FiberNode {
        "_debugID": 13,
        "_debugIsCurrentlyTiming": false,
        "_debugOwner": [Circular],
        "_debugSource": Object {
          "fileName": "<PROJECT_ROOT>/src/Components/Card.js",
          "lineNumber": 15,
        },
        "alternate": null,
        "child": FiberNode {
          "_debugID": 15,
          "_debugIsCurrentlyTiming": false,
          "_debugOwner": [Circular],
          "_debugSource": Object {
            "fileName": "<PROJECT_ROOT>/src/Components/Card.js",
            "lineNumber": 16,
          },
          "alternate": null,
          "child": null,
          "effectTag": 0,
          "expirationTime": 0,
          "firstEffect": null,
          "index": 0,
          "key": null,
          "lastEffect": null,
          "memoizedProps": Object {
            "children": undefined,
          },
          "memoizedState": null,
          "mode": 0,
          "nextEffect": null,
          "pendingProps": Object {
            "children": undefined,
          },
          "ref": null,
          "return": [Circular],
          "sibling": null,
          "stateNode": <strong />,
          "tag": 5,
          "type": "strong",
          "updateQueue": null,
        },
        "effectTag": 0,
        "expirationTime": 0,
        "firstEffect": null,
        "index": 0,
        "key": null,
        "lastEffect": null,
        "memoizedProps": Object {
          "children": <strong />,
          "className": "header",
        },
        "memoizedState": null,
        "mode": 0,
        "nextEffect": null,
        "pendingProps": Object {
          "children": <strong />,
          "className": "header",
        },
        "ref": null,
        "return": [Circular],
        "sibling": FiberNode {
          "_debugID": 14,
          "_debugIsCurrentlyTiming": false,
          "_debugOwner": [Circular],
          "_debugSource": Object {
            "fileName": "<PROJECT_ROOT>/src/Components/Card.js",
            "lineNumber": 18,
          },
          "alternate": null,
          "child": null,
          "effectTag": 0,
          "expirationTime": 0,
          "firstEffect": null,
          "index": 1,
          "key": null,
          "lastEffect": null,
          "memoizedProps": Object {
            "children": undefined,
            "className": "body",
          },
          "memoizedState": null,
          "mode": 0,
          "nextEffect": null,
          "pendingProps": Object {
            "children": undefined,
            "className": "body",
          },
          "ref": null,
          "return": [Circular],
          "sibling": null,
          "stateNode": <section
            class="body"
/>,
          "tag": 5,
          "type": "section",
          "updateQueue": null,
        },
        "stateNode": <section
          class="header"
>
          <strong />
</section>,
        "tag": 5,
        "type": "section",
        "updateQueue": null,
      },
      "effectTag": 0,
      "expirationTime": 0,
      "firstEffect": null,
      "index": 0,
      "key": null,
      "lastEffect": null,
      "memoizedProps": Object {
        "children": Array [
          <section
            className="header"
>
            <strong />
</section>,
          <section
            className="body"
/>,
        ],
        "className": "card",
      },
      "memoizedState": null,
      "mode": 0,
      "nextEffect": null,
      "pendingProps": Object {
        "children": Array [
          <section
            className="header"
>
            <strong />
</section>,
          <section
            className="body"
/>,
        ],
        "className": "card",
      },
      "ref": null,
      "return": [Circular],
      "sibling": null,
      "stateNode": <section
        class="card"
>
        <section
                class="header"
        >
                <strong />
        </section>
        <section
                class="body"
        />
</section>,
      "tag": 5,
      "type": "section",
      "updateQueue": null,
    },
    "effectTag": 1,
    "expirationTime": 0,
    "firstEffect": null,
    "index": 0,
    "key": null,
    "lastEffect": null,
    "memoizedProps": Object {},
    "memoizedState": null,
    "mode": 0,
    "nextEffect": null,
    "pendingProps": Object {},
    "ref": null,
    "return": FiberNode {
      "_debugID": 9,
      "_debugIsCurrentlyTiming": false,
      "_debugOwner": null,
      "_debugSource": null,
      "alternate": FiberNode {
        "_debugID": 9,
        "_debugIsCurrentlyTiming": false,
        "_debugOwner": null,
        "_debugSource": null,
        "alternate": [Circular],
        "child": null,
        "effectTag": 0,
        "expirationTime": 1,
        "firstEffect": null,
        "index": 0,
        "key": null,
        "lastEffect": null,
        "memoizedProps": null,
        "memoizedState": null,
        "mode": 0,
        "nextEffect": null,
        "pendingProps": null,
        "ref": null,
        "return": null,
        "sibling": null,
        "stateNode": Object {
          "containerInfo": <div>
            <section
                        class="card"
            >
                        <section
                                    class="header"
                        >
                                    <strong />
                        </section>
                        <section
                                    class="body"
                        />
            </section>
</div>,
          "context": Object {},
          "current": [Circular],
          "finishedWork": null,
          "firstBatch": null,
          "hydrate": false,
          "nextScheduledRoot": null,
          "pendingChildren": null,
          "pendingCommitExpirationTime": 0,
          "pendingContext": null,
          "remainingExpirationTime": 0,
        },
        "tag": 3,
        "type": null,
        "updateQueue": Object {
          "baseState": null,
          "callbackList": null,
          "capturedValues": null,
          "expirationTime": 1,
          "first": Object {
            "callback": null,
            "capturedValue": null,
            "expirationTime": 1,
            "isForced": false,
            "isReplace": false,
            "next": null,
            "partialState": Object {
              "element": <Card />,
            },
          },
          "hasForceUpdate": false,
          "isInitialized": false,
          "isProcessing": false,
          "last": Object {
            "callback": null,
            "capturedValue": null,
            "expirationTime": 1,
            "isForced": false,
            "isReplace": false,
            "next": null,
            "partialState": Object {
              "element": <Card />,
            },
          },
        },
      },
      "child": [Circular],
      "effectTag": 32,
      "expirationTime": 0,
      "firstEffect": [Circular],
      "index": 0,
      "key": null,
      "lastEffect": [Circular],
      "memoizedProps": null,
      "memoizedState": Object {
        "element": <Card />,
      },
      "mode": 0,
      "nextEffect": null,
      "pendingProps": null,
      "ref": null,
      "return": null,
      "sibling": null,
      "stateNode": Object {
        "containerInfo": <div>
          <section
                    class="card"
          >
                    <section
                              class="header"
                    >
                              <strong />
                    </section>
                    <section
                              class="body"
                    />
          </section>
</div>,
        "context": Object {},
        "current": [Circular],
        "finishedWork": null,
        "firstBatch": null,
        "hydrate": false,
        "nextScheduledRoot": null,
        "pendingChildren": null,
        "pendingCommitExpirationTime": 0,
        "pendingContext": null,
        "remainingExpirationTime": 0,
      },
      "tag": 3,
      "type": null,
      "updateQueue": Object {
        "baseState": Object {
          "element": <Card />,
        },
        "callbackList": null,
        "capturedValues": null,
        "expirationTime": 0,
        "first": null,
        "hasForceUpdate": false,
        "isInitialized": true,
        "isProcessing": false,
        "last": null,
      },
    },
    "sibling": null,
    "stateNode": [Circular],
    "tag": 2,
    "type": [Function],
    "updateQueue": null,
  },
  "_reactInternalInstance": Object {},
  "context": Object {},
  "props": Object {},
  "refs": Object {},
  "state": null,
  "updater": Object {
    "enqueueForceUpdate": [Function],
    "enqueueReplaceState": [Function],
    "enqueueSetState": [Function],
    "isMounted": [Function],
  },
}
`;
