// Jest Snapshot v1, https://goo.gl/fbAQLP

exports[`should match the snapshot 1`] = `
TabBar {
  "_reactInternalFiber": FiberNode {
    "_debugID": 8,
    "_debugIsCurrentlyTiming": false,
    "_debugOwner": null,
    "_debugSource": Object {
      "fileName": "<PROJECT_ROOT>/src/Components/TabBar.test.js",
      "lineNumber": 12,
    },
    "alternate": null,
    "child": FiberNode {
      "_debugID": 9,
      "_debugIsCurrentlyTiming": false,
      "_debugOwner": [Circular],
      "_debugSource": Object {
        "fileName": "<PROJECT_ROOT>/src/Components/TabBar.js",
        "lineNumber": 13,
      },
      "alternate": null,
      "child": null,
      "effectTag": 0,
      "expirationTime": 0,
      "firstEffect": null,
      "index": 0,
      "key": null,
      "lastEffect": null,
      "memoizedProps": Object {
        "children": undefined,
        "className": "tab-bar",
      },
      "memoizedState": null,
      "mode": 0,
      "nextEffect": null,
      "pendingProps": Object {
        "children": undefined,
        "className": "tab-bar",
      },
      "ref": null,
      "return": [Circular],
      "sibling": null,
      "stateNode": <nav
        class="tab-bar"
/>,
      "tag": 5,
      "type": "nav",
      "updateQueue": null,
    },
    "effectTag": 1,
    "expirationTime": 0,
    "firstEffect": null,
    "index": 0,
    "key": null,
    "lastEffect": null,
    "memoizedProps": Object {},
    "memoizedState": null,
    "mode": 0,
    "nextEffect": null,
    "pendingProps": Object {},
    "ref": null,
    "return": FiberNode {
      "_debugID": 6,
      "_debugIsCurrentlyTiming": false,
      "_debugOwner": null,
      "_debugSource": null,
      "alternate": FiberNode {
        "_debugID": 6,
        "_debugIsCurrentlyTiming": false,
        "_debugOwner": null,
        "_debugSource": null,
        "alternate": [Circular],
        "child": null,
        "effectTag": 0,
        "expirationTime": 1,
        "firstEffect": null,
        "index": 0,
        "key": null,
        "lastEffect": null,
        "memoizedProps": null,
        "memoizedState": null,
        "mode": 0,
        "nextEffect": null,
        "pendingProps": null,
        "ref": null,
        "return": null,
        "sibling": null,
        "stateNode": Object {
          "containerInfo": <div>
            <nav
                        class="tab-bar"
            />
</div>,
          "context": Object {},
          "current": [Circular],
          "finishedWork": null,
          "firstBatch": null,
          "hydrate": false,
          "nextScheduledRoot": null,
          "pendingChildren": null,
          "pendingCommitExpirationTime": 0,
          "pendingContext": null,
          "remainingExpirationTime": 0,
        },
        "tag": 3,
        "type": null,
        "updateQueue": Object {
          "baseState": null,
          "callbackList": null,
          "capturedValues": null,
          "expirationTime": 1,
          "first": Object {
            "callback": null,
            "capturedValue": null,
            "expirationTime": 1,
            "isForced": false,
            "isReplace": false,
            "next": null,
            "partialState": Object {
              "element": <TabBar />,
            },
          },
          "hasForceUpdate": false,
          "isInitialized": false,
          "isProcessing": false,
          "last": Object {
            "callback": null,
            "capturedValue": null,
            "expirationTime": 1,
            "isForced": false,
            "isReplace": false,
            "next": null,
            "partialState": Object {
              "element": <TabBar />,
            },
          },
        },
      },
      "child": [Circular],
      "effectTag": 32,
      "expirationTime": 0,
      "firstEffect": [Circular],
      "index": 0,
      "key": null,
      "lastEffect": [Circular],
      "memoizedProps": null,
      "memoizedState": Object {
        "element": <TabBar />,
      },
      "mode": 0,
      "nextEffect": null,
      "pendingProps": null,
      "ref": null,
      "return": null,
      "sibling": null,
      "stateNode": Object {
        "containerInfo": <div>
          <nav
                    class="tab-bar"
          />
</div>,
        "context": Object {},
        "current": [Circular],
        "finishedWork": null,
        "firstBatch": null,
        "hydrate": false,
        "nextScheduledRoot": null,
        "pendingChildren": null,
        "pendingCommitExpirationTime": 0,
        "pendingContext": null,
        "remainingExpirationTime": 0,
      },
      "tag": 3,
      "type": null,
      "updateQueue": Object {
        "baseState": Object {
          "element": <TabBar />,
        },
        "callbackList": null,
        "capturedValues": null,
        "expirationTime": 0,
        "first": null,
        "hasForceUpdate": false,
        "isInitialized": true,
        "isProcessing": false,
        "last": null,
      },
    },
    "sibling": null,
    "stateNode": [Circular],
    "tag": 2,
    "type": [Function],
    "updateQueue": null,
  },
  "_reactInternalInstance": Object {},
  "context": Object {},
  "props": Object {},
  "refs": Object {},
  "state": null,
  "updater": Object {
    "enqueueForceUpdate": [Function],
    "enqueueReplaceState": [Function],
    "enqueueSetState": [Function],
    "isMounted": [Function],
  },
}
`;
