// Jest Snapshot v1, https://goo.gl/fbAQLP

exports[`should match the snapshot 1`] = `
Toast {
  "_reactInternalFiber": FiberNode {
    "_debugHookTypes": null,
    "_debugID": 13,
    "_debugIsCurrentlyTiming": false,
    "_debugNeedsRemount": false,
    "_debugOwner": null,
    "_debugSource": Object {
      "fileName": "<PROJECT_ROOT>/src/Components/Toast.test.js",
      "lineNumber": 12,
    },
    "actualDuration": 0,
    "actualStartTime": -1,
    "alternate": null,
    "child": FiberNode {
      "_debugHookTypes": null,
      "_debugID": 15,
      "_debugIsCurrentlyTiming": false,
      "_debugNeedsRemount": false,
      "_debugOwner": [Circular],
      "_debugSource": Object {
        "fileName": "<PROJECT_ROOT>/src/Components/Toast.js",
        "lineNumber": 13,
      },
      "actualDuration": 0,
      "actualStartTime": -1,
      "alternate": null,
      "child": FiberNode {
        "_debugHookTypes": null,
        "_debugID": 17,
        "_debugIsCurrentlyTiming": false,
        "_debugNeedsRemount": false,
        "_debugOwner": [Circular],
        "_debugSource": Object {
          "fileName": "<PROJECT_ROOT>/src/Components/Toast.js",
          "lineNumber": 14,
        },
        "actualDuration": 0,
        "actualStartTime": -1,
        "alternate": null,
        "child": null,
        "childExpirationTime": 0,
        "dependencies": null,
        "effectTag": 0,
        "elementType": "div",
        "expirationTime": 0,
        "firstEffect": null,
        "index": 0,
        "key": null,
        "lastEffect": null,
        "memoizedProps": Object {
          "children": undefined,
          "className": "toast-content",
        },
        "memoizedState": null,
        "mode": 0,
        "nextEffect": null,
        "pendingProps": Object {
          "children": undefined,
          "className": "toast-content",
        },
        "ref": null,
        "return": [Circular],
        "selfBaseDuration": 0,
        "sibling": null,
        "stateNode": <div
          class="toast-content"
/>,
        "tag": 5,
        "treeBaseDuration": 0,
        "type": "div",
        "updateQueue": null,
      },
      "childExpirationTime": 0,
      "dependencies": null,
      "effectTag": 0,
      "elementType": "div",
      "expirationTime": 0,
      "firstEffect": null,
      "index": 0,
      "key": null,
      "lastEffect": null,
      "memoizedProps": Object {
        "children": <div
          className="toast-content"
/>,
        "className": "toast",
      },
      "memoizedState": null,
      "mode": 0,
      "nextEffect": null,
      "pendingProps": Object {
        "children": <div
          className="toast-content"
/>,
        "className": "toast",
      },
      "ref": null,
      "return": [Circular],
      "selfBaseDuration": 0,
      "sibling": null,
      "stateNode": <div
        class="toast"
>
        <div
                class="toast-content"
        />
</div>,
      "tag": 5,
      "treeBaseDuration": 0,
      "type": "div",
      "updateQueue": null,
    },
    "childExpirationTime": 0,
    "dependencies": null,
    "effectTag": 1,
    "elementType": [Function],
    "expirationTime": 0,
    "firstEffect": null,
    "index": 0,
    "key": null,
    "lastEffect": null,
    "memoizedProps": Object {},
    "memoizedState": null,
    "mode": 0,
    "nextEffect": null,
    "pendingProps": Object {},
    "ref": null,
    "return": FiberNode {
      "_debugHookTypes": null,
      "_debugID": 10,
      "_debugIsCurrentlyTiming": false,
      "_debugNeedsRemount": false,
      "_debugOwner": null,
      "_debugSource": null,
      "actualDuration": 0,
      "actualStartTime": -1,
      "alternate": FiberNode {
        "_debugHookTypes": null,
        "_debugID": 10,
        "_debugIsCurrentlyTiming": false,
        "_debugNeedsRemount": false,
        "_debugOwner": null,
        "_debugSource": null,
        "actualDuration": 0,
        "actualStartTime": -1,
        "alternate": [Circular],
        "child": null,
        "childExpirationTime": 0,
        "dependencies": null,
        "effectTag": 0,
        "elementType": null,
        "expirationTime": 1073741823,
        "firstEffect": null,
        "index": 0,
        "key": null,
        "lastEffect": null,
        "memoizedProps": null,
        "memoizedState": null,
        "mode": 0,
        "nextEffect": null,
        "pendingProps": null,
        "ref": null,
        "return": null,
        "selfBaseDuration": 0,
        "sibling": null,
        "stateNode": FiberRootNode {
          "callbackExpirationTime": 0,
          "callbackNode": null,
          "callbackPriority": 90,
          "containerInfo": <div>
            <div
                        class="toast"
            >
                        <div
                                    class="toast-content"
                        />
            </div>
</div>,
          "context": Object {},
          "current": [Circular],
          "finishedExpirationTime": 0,
          "finishedWork": null,
          "firstPendingTime": 0,
          "firstSuspendedTime": 0,
          "hydrate": false,
          "interactionThreadID": 2,
          "lastExpiredTime": 0,
          "lastPingedTime": 0,
          "lastSuspendedTime": 0,
          "memoizedInteractions": Set {},
          "nextKnownPendingLevel": 0,
          "pendingChildren": null,
          "pendingContext": null,
          "pendingInteractionMap": Map {},
          "pingCache": null,
          "tag": 0,
          "timeoutHandle": -1,
        },
        "tag": 3,
        "treeBaseDuration": 0,
        "type": null,
        "updateQueue": Object {
          "baseState": null,
          "firstCapturedEffect": null,
          "firstCapturedUpdate": null,
          "firstEffect": null,
          "firstUpdate": Object {
            "callback": null,
            "expirationTime": 1073741823,
            "next": null,
            "nextEffect": null,
            "payload": Object {
              "element": <Toast />,
            },
            "priority": 97,
            "suspenseConfig": null,
            "tag": 0,
          },
          "lastCapturedEffect": null,
          "lastCapturedUpdate": null,
          "lastEffect": null,
          "lastUpdate": Object {
            "callback": null,
            "expirationTime": 1073741823,
            "next": null,
            "nextEffect": null,
            "payload": Object {
              "element": <Toast />,
            },
            "priority": 97,
            "suspenseConfig": null,
            "tag": 0,
          },
        },
      },
      "child": [Circular],
      "childExpirationTime": 0,
      "dependencies": null,
      "effectTag": 0,
      "elementType": null,
      "expirationTime": 0,
      "firstEffect": [Circular],
      "index": 0,
      "key": null,
      "lastEffect": [Circular],
      "memoizedProps": null,
      "memoizedState": Object {
        "element": <Toast />,
      },
      "mode": 0,
      "nextEffect": null,
      "pendingProps": null,
      "ref": null,
      "return": null,
      "selfBaseDuration": 0,
      "sibling": null,
      "stateNode": FiberRootNode {
        "callbackExpirationTime": 0,
        "callbackNode": null,
        "callbackPriority": 90,
        "containerInfo": <div>
          <div
                    class="toast"
          >
                    <div
                              class="toast-content"
                    />
          </div>
</div>,
        "context": Object {},
        "current": [Circular],
        "finishedExpirationTime": 0,
        "finishedWork": null,
        "firstPendingTime": 0,
        "firstSuspendedTime": 0,
        "hydrate": false,
        "interactionThreadID": 2,
        "lastExpiredTime": 0,
        "lastPingedTime": 0,
        "lastSuspendedTime": 0,
        "memoizedInteractions": Set {},
        "nextKnownPendingLevel": 0,
        "pendingChildren": null,
        "pendingContext": null,
        "pendingInteractionMap": Map {},
        "pingCache": null,
        "tag": 0,
        "timeoutHandle": -1,
      },
      "tag": 3,
      "treeBaseDuration": 0,
      "type": null,
      "updateQueue": Object {
        "baseState": Object {
          "element": <Toast />,
        },
        "firstCapturedEffect": null,
        "firstCapturedUpdate": null,
        "firstEffect": null,
        "firstUpdate": null,
        "lastCapturedEffect": null,
        "lastCapturedUpdate": null,
        "lastEffect": null,
        "lastUpdate": null,
      },
    },
    "selfBaseDuration": 0,
    "sibling": null,
    "stateNode": [Circular],
    "tag": 1,
    "treeBaseDuration": 0,
    "type": [Function],
    "updateQueue": null,
  },
  "_reactInternalInstance": Object {},
  "context": Object {},
  "props": Object {},
  "refs": Object {},
  "state": null,
  "updater": Object {
    "enqueueForceUpdate": [Function],
    "enqueueReplaceState": [Function],
    "enqueueSetState": [Function],
    "isMounted": [Function],
  },
}
`;
