// Jest Snapshot v1, https://goo.gl/fbAQLP

exports[`should match the snapshot 1`] = `
Toggle {
  "_reactInternalFiber": FiberNode {
    "_debugID": 10,
    "_debugIsCurrentlyTiming": false,
    "_debugOwner": null,
    "_debugSource": Object {
      "fileName": "<PROJECT_ROOT>/src/Components/Toggle.test.js",
      "lineNumber": 12,
    },
    "actualDuration": 0,
    "actualStartTime": -1,
    "alternate": null,
    "child": FiberNode {
      "_debugID": 11,
      "_debugIsCurrentlyTiming": false,
      "_debugOwner": [Circular],
      "_debugSource": Object {
        "fileName": "<PROJECT_ROOT>/src/Components/Toggle.js",
        "lineNumber": 30,
      },
      "actualDuration": 0,
      "actualStartTime": -1,
      "alternate": null,
      "child": FiberNode {
        "_debugID": 12,
        "_debugIsCurrentlyTiming": false,
        "_debugOwner": [Circular],
        "_debugSource": Object {
          "fileName": "<PROJECT_ROOT>/src/Components/Toggle.js",
          "lineNumber": 31,
        },
        "actualDuration": 0,
        "actualStartTime": -1,
        "alternate": null,
        "child": null,
        "childExpirationTime": 0,
        "effectTag": 0,
        "elementType": "input",
        "expirationTime": 0,
        "firstContextDependency": null,
        "firstEffect": null,
        "index": 0,
        "key": null,
        "lastEffect": null,
        "memoizedProps": Object {
          "defaultChecked": undefined,
          "type": "checkbox",
        },
        "memoizedState": null,
        "mode": 0,
        "nextEffect": null,
        "pendingProps": Object {
          "defaultChecked": undefined,
          "type": "checkbox",
        },
        "ref": null,
        "return": [Circular],
        "selfBaseDuration": 0,
        "sibling": FiberNode {
          "_debugID": 13,
          "_debugIsCurrentlyTiming": false,
          "_debugOwner": [Circular],
          "_debugSource": Object {
            "fileName": "<PROJECT_ROOT>/src/Components/Toggle.js",
            "lineNumber": 32,
          },
          "actualDuration": 0,
          "actualStartTime": -1,
          "alternate": null,
          "child": null,
          "childExpirationTime": 0,
          "effectTag": 0,
          "elementType": "span",
          "expirationTime": 0,
          "firstContextDependency": null,
          "firstEffect": null,
          "index": 1,
          "key": null,
          "lastEffect": null,
          "memoizedProps": Object {
            "className": "slider",
          },
          "memoizedState": null,
          "mode": 0,
          "nextEffect": null,
          "pendingProps": Object {
            "className": "slider",
          },
          "ref": null,
          "return": [Circular],
          "selfBaseDuration": 0,
          "sibling": null,
          "stateNode": <span
            class="slider"
/>,
          "tag": 5,
          "treeBaseDuration": 0,
          "type": "span",
          "updateQueue": null,
        },
        "stateNode": <input
          type="checkbox"
/>,
        "tag": 5,
        "treeBaseDuration": 0,
        "type": "input",
        "updateQueue": null,
      },
      "childExpirationTime": 0,
      "effectTag": 0,
      "elementType": "label",
      "expirationTime": 0,
      "firstContextDependency": null,
      "firstEffect": null,
      "index": 0,
      "key": null,
      "lastEffect": null,
      "memoizedProps": Object {
        "children": Array [
          <input
            defaultChecked={undefined}
            type="checkbox"
/>,
          <span
            className="slider"
/>,
        ],
        "className": "toggle",
        "onChange": [Function],
      },
      "memoizedState": null,
      "mode": 0,
      "nextEffect": null,
      "pendingProps": Object {
        "children": Array [
          <input
            defaultChecked={undefined}
            type="checkbox"
/>,
          <span
            className="slider"
/>,
        ],
        "className": "toggle",
        "onChange": [Function],
      },
      "ref": null,
      "return": [Circular],
      "selfBaseDuration": 0,
      "sibling": null,
      "stateNode": <label
        class="toggle"
>
        <input
                type="checkbox"
        />
        <span
                class="slider"
        />
</label>,
      "tag": 5,
      "treeBaseDuration": 0,
      "type": "label",
      "updateQueue": null,
    },
    "childExpirationTime": 0,
    "effectTag": 1,
    "elementType": [Function],
    "expirationTime": 0,
    "firstContextDependency": null,
    "firstEffect": null,
    "index": 0,
    "key": null,
    "lastEffect": null,
    "memoizedProps": Object {},
    "memoizedState": Object {
      "checked": undefined,
      "theme": "toggle",
    },
    "mode": 0,
    "nextEffect": FiberNode {
      "_debugID": 8,
      "_debugIsCurrentlyTiming": false,
      "_debugOwner": null,
      "_debugSource": null,
      "actualDuration": 0,
      "actualStartTime": -1,
      "alternate": FiberNode {
        "_debugID": 8,
        "_debugIsCurrentlyTiming": false,
        "_debugOwner": null,
        "_debugSource": null,
        "actualDuration": 0,
        "actualStartTime": -1,
        "alternate": [Circular],
        "child": null,
        "childExpirationTime": 0,
        "effectTag": 0,
        "elementType": null,
        "expirationTime": 1073741823,
        "firstContextDependency": null,
        "firstEffect": null,
        "index": 0,
        "key": null,
        "lastEffect": null,
        "memoizedProps": null,
        "memoizedState": null,
        "mode": 0,
        "nextEffect": null,
        "pendingProps": null,
        "ref": null,
        "return": null,
        "selfBaseDuration": 0,
        "sibling": null,
        "stateNode": Object {
          "containerInfo": <div>
            <label
                        class="toggle"
            >
                        <input
                                    type="checkbox"
                        />
                        <span
                                    class="slider"
                        />
            </label>
</div>,
          "context": Object {},
          "current": [Circular],
          "didError": false,
          "earliestPendingTime": 0,
          "earliestSuspendedTime": 0,
          "expirationTime": 0,
          "finishedWork": null,
          "firstBatch": null,
          "hydrate": false,
          "interactionThreadID": 2,
          "latestPendingTime": 0,
          "latestPingedTime": 0,
          "latestSuspendedTime": 0,
          "memoizedInteractions": Set {},
          "nextExpirationTimeToWorkOn": 0,
          "nextScheduledRoot": null,
          "pendingChildren": null,
          "pendingCommitExpirationTime": 0,
          "pendingContext": null,
          "pendingInteractionMap": Map {},
          "timeoutHandle": -1,
        },
        "tag": 3,
        "treeBaseDuration": 0,
        "type": null,
        "updateQueue": Object {
          "baseState": null,
          "firstCapturedEffect": null,
          "firstCapturedUpdate": null,
          "firstEffect": null,
          "firstUpdate": Object {
            "callback": null,
            "expirationTime": 1073741823,
            "next": null,
            "nextEffect": null,
            "payload": Object {
              "element": <Toggle />,
            },
            "tag": 0,
          },
          "lastCapturedEffect": null,
          "lastCapturedUpdate": null,
          "lastEffect": null,
          "lastUpdate": Object {
            "callback": null,
            "expirationTime": 1073741823,
            "next": null,
            "nextEffect": null,
            "payload": Object {
              "element": <Toggle />,
            },
            "tag": 0,
          },
        },
      },
      "child": [Circular],
      "childExpirationTime": 0,
      "effectTag": 32,
      "elementType": null,
      "expirationTime": 0,
      "firstContextDependency": null,
      "firstEffect": [Circular],
      "index": 0,
      "key": null,
      "lastEffect": [Circular],
      "memoizedProps": null,
      "memoizedState": Object {
        "element": <Toggle />,
      },
      "mode": 0,
      "nextEffect": null,
      "pendingProps": null,
      "ref": null,
      "return": null,
      "selfBaseDuration": 0,
      "sibling": null,
      "stateNode": Object {
        "containerInfo": <div>
          <label
                    class="toggle"
          >
                    <input
                              type="checkbox"
                    />
                    <span
                              class="slider"
                    />
          </label>
</div>,
        "context": Object {},
        "current": [Circular],
        "didError": false,
        "earliestPendingTime": 0,
        "earliestSuspendedTime": 0,
        "expirationTime": 0,
        "finishedWork": null,
        "firstBatch": null,
        "hydrate": false,
        "interactionThreadID": 2,
        "latestPendingTime": 0,
        "latestPingedTime": 0,
        "latestSuspendedTime": 0,
        "memoizedInteractions": Set {},
        "nextExpirationTimeToWorkOn": 0,
        "nextScheduledRoot": null,
        "pendingChildren": null,
        "pendingCommitExpirationTime": 0,
        "pendingContext": null,
        "pendingInteractionMap": Map {},
        "timeoutHandle": -1,
      },
      "tag": 3,
      "treeBaseDuration": 0,
      "type": null,
      "updateQueue": Object {
        "baseState": Object {
          "element": <Toggle />,
        },
        "firstCapturedEffect": null,
        "firstCapturedUpdate": null,
        "firstEffect": null,
        "firstUpdate": null,
        "lastCapturedEffect": null,
        "lastCapturedUpdate": null,
        "lastEffect": null,
        "lastUpdate": null,
      },
    },
    "pendingProps": Object {},
    "ref": null,
    "return": FiberNode {
      "_debugID": 8,
      "_debugIsCurrentlyTiming": false,
      "_debugOwner": null,
      "_debugSource": null,
      "actualDuration": 0,
      "actualStartTime": -1,
      "alternate": FiberNode {
        "_debugID": 8,
        "_debugIsCurrentlyTiming": false,
        "_debugOwner": null,
        "_debugSource": null,
        "actualDuration": 0,
        "actualStartTime": -1,
        "alternate": [Circular],
        "child": null,
        "childExpirationTime": 0,
        "effectTag": 0,
        "elementType": null,
        "expirationTime": 1073741823,
        "firstContextDependency": null,
        "firstEffect": null,
        "index": 0,
        "key": null,
        "lastEffect": null,
        "memoizedProps": null,
        "memoizedState": null,
        "mode": 0,
        "nextEffect": null,
        "pendingProps": null,
        "ref": null,
        "return": null,
        "selfBaseDuration": 0,
        "sibling": null,
        "stateNode": Object {
          "containerInfo": <div>
            <label
                        class="toggle"
            >
                        <input
                                    type="checkbox"
                        />
                        <span
                                    class="slider"
                        />
            </label>
</div>,
          "context": Object {},
          "current": [Circular],
          "didError": false,
          "earliestPendingTime": 0,
          "earliestSuspendedTime": 0,
          "expirationTime": 0,
          "finishedWork": null,
          "firstBatch": null,
          "hydrate": false,
          "interactionThreadID": 2,
          "latestPendingTime": 0,
          "latestPingedTime": 0,
          "latestSuspendedTime": 0,
          "memoizedInteractions": Set {},
          "nextExpirationTimeToWorkOn": 0,
          "nextScheduledRoot": null,
          "pendingChildren": null,
          "pendingCommitExpirationTime": 0,
          "pendingContext": null,
          "pendingInteractionMap": Map {},
          "timeoutHandle": -1,
        },
        "tag": 3,
        "treeBaseDuration": 0,
        "type": null,
        "updateQueue": Object {
          "baseState": null,
          "firstCapturedEffect": null,
          "firstCapturedUpdate": null,
          "firstEffect": null,
          "firstUpdate": Object {
            "callback": null,
            "expirationTime": 1073741823,
            "next": null,
            "nextEffect": null,
            "payload": Object {
              "element": <Toggle />,
            },
            "tag": 0,
          },
          "lastCapturedEffect": null,
          "lastCapturedUpdate": null,
          "lastEffect": null,
          "lastUpdate": Object {
            "callback": null,
            "expirationTime": 1073741823,
            "next": null,
            "nextEffect": null,
            "payload": Object {
              "element": <Toggle />,
            },
            "tag": 0,
          },
        },
      },
      "child": [Circular],
      "childExpirationTime": 0,
      "effectTag": 32,
      "elementType": null,
      "expirationTime": 0,
      "firstContextDependency": null,
      "firstEffect": [Circular],
      "index": 0,
      "key": null,
      "lastEffect": [Circular],
      "memoizedProps": null,
      "memoizedState": Object {
        "element": <Toggle />,
      },
      "mode": 0,
      "nextEffect": null,
      "pendingProps": null,
      "ref": null,
      "return": null,
      "selfBaseDuration": 0,
      "sibling": null,
      "stateNode": Object {
        "containerInfo": <div>
          <label
                    class="toggle"
          >
                    <input
                              type="checkbox"
                    />
                    <span
                              class="slider"
                    />
          </label>
</div>,
        "context": Object {},
        "current": [Circular],
        "didError": false,
        "earliestPendingTime": 0,
        "earliestSuspendedTime": 0,
        "expirationTime": 0,
        "finishedWork": null,
        "firstBatch": null,
        "hydrate": false,
        "interactionThreadID": 2,
        "latestPendingTime": 0,
        "latestPingedTime": 0,
        "latestSuspendedTime": 0,
        "memoizedInteractions": Set {},
        "nextExpirationTimeToWorkOn": 0,
        "nextScheduledRoot": null,
        "pendingChildren": null,
        "pendingCommitExpirationTime": 0,
        "pendingContext": null,
        "pendingInteractionMap": Map {},
        "timeoutHandle": -1,
      },
      "tag": 3,
      "treeBaseDuration": 0,
      "type": null,
      "updateQueue": Object {
        "baseState": Object {
          "element": <Toggle />,
        },
        "firstCapturedEffect": null,
        "firstCapturedUpdate": null,
        "firstEffect": null,
        "firstUpdate": null,
        "lastCapturedEffect": null,
        "lastCapturedUpdate": null,
        "lastEffect": null,
        "lastUpdate": null,
      },
    },
    "selfBaseDuration": 0,
    "sibling": null,
    "stateNode": [Circular],
    "tag": 1,
    "treeBaseDuration": 0,
    "type": [Function],
    "updateQueue": null,
  },
  "_reactInternalInstance": Object {},
  "context": Object {},
  "props": Object {},
  "refs": Object {},
  "state": Object {
    "checked": undefined,
    "theme": "toggle",
  },
  "update": [Function],
  "updater": Object {
    "enqueueForceUpdate": [Function],
    "enqueueReplaceState": [Function],
    "enqueueSetState": [Function],
    "isMounted": [Function],
  },
}
`;
